../Core/Src/main.c:99:6:HAL_GPIO_EXTI_Callback	80	static
../Core/Src/main.c:323:5:main	736	static
../Core/Src/main.c:876:6:find_timestep	16	static
../Core/Src/main.c:899:6:UART_Printf	272	static
../Core/Src/main.c:908:6:setTCAChannel	32	static
../Core/Src/main.c:913:19:AS7343_WriteRegister	32	static
../Core/Src/main.c:918:19:AS7343_ReadRegister	24	static
../Core/Src/main.c:928:6:AS7343_Init	32	static
../Core/Src/main.c:968:6:AS7343_ReadSpectralData	16	static
../Core/Src/main.c:1053:13:MX_I2C1_Init	8	static
../Core/Src/main.c:1070:6:Get_Time	32	static
../Core/Src/main.c:1091:8:readTemperature	48	static
../Core/Src/main.c:1111:8:computePID	48	static
../Core/Src/main.c:1124:13:MX_ADC1_Init	24	static
../Core/Src/main.c:1156:13:MX_GPIO_Init	48	static
../Core/Src/main.c:1203:13:MX_USART2_UART_Init	8	static
../Core/Src/main.c:1217:6:Error_Handler	4	static,ignoring_inline_asm
../Core/Src/main.c:1229:13:MX_TIM3_Init	64	static
../Core/Src/main.c:1274:13:MX_TIM4_Init	64	static
../Core/Src/main.c:1329:6:SystemClock_Config	88	static
